// Jest Snapshot v1, https://goo.gl/fbAQLP

exports[`Component: MainScreen should render correctly 1`] = `
ReactShallowRenderer {
  "_context": Object {},
  "_didScheduleRenderPhaseUpdate": false,
  "_dispatcher": Object {
    "readContext": [Function],
    "useCallback": [Function],
    "useContext": [Function],
    "useDebugValue": [Function],
    "useDeferredValue": [Function],
    "useEffect": [Function],
    "useImperativeHandle": [Function],
    "useLayoutEffect": [Function],
    "useMemo": [Function],
    "useReducer": [Function],
    "useRef": [Function],
    "useResponder": [Function],
    "useState": [Function],
    "useTransition": [Function],
  },
  "_element": <MainScreen />,
  "_firstWorkInProgressHook": null,
  "_forcedUpdate": false,
  "_instance": null,
  "_isReRender": false,
  "_newState": null,
  "_numberOfReRenders": 0,
  "_renderPhaseUpdates": null,
  "_rendered": <React.Fragment>
    <Icons />
    <div
      className="wrapper"
    >
      <Header />
      <main
        className="page-content"
      >
        <div
          className="container"
        >
          <h1
            className="page-content__title title title--bigger"
          >
            Каталог гитар
          </h1>
          <ul
            className="breadcrumbs page-content__breadcrumbs"
          >
            <li
              className="breadcrumbs__item"
            >
              <Link
                className="link"
                to="#"
              >
                Главная
              </Link>
            </li>
            <li
              className="breadcrumbs__item"
            >
              <Link
                className="link"
                to="#"
              >
                Каталог
              </Link>
            </li>
          </ul>
          <Catalog />
        </div>
      </main>
      <Footer />
    </div>
  </React.Fragment>,
  "_rendering": false,
  "_updater": Updater {
    "_callbacks": Array [],
    "_renderer": [Circular],
  },
  "_workInProgressHook": null,
}
`;
