// Jest Snapshot v1, https://goo.gl/fbAQLP

exports[`Component: Rating should render correctly 1`] = `
Array [
  <svg
    aria-hidden="true"
    height="11"
    width="12"
  >
    <use
      xlinkHref="#icon-full-star"
    />
  </svg>,
  <svg
    aria-hidden="true"
    height="11"
    width="12"
  >
    <use
      xlinkHref="#icon-full-star"
    />
  </svg>,
  <svg
    aria-hidden="true"
    height="11"
    width="12"
  >
    <use
      xlinkHref="#icon-star"
    />
  </svg>,
  <svg
    aria-hidden="true"
    height="11"
    width="12"
  >
    <use
      xlinkHref="#icon-star"
    />
  </svg>,
  <svg
    aria-hidden="true"
    height="11"
    width="12"
  >
    <use
      xlinkHref="#icon-star"
    />
  </svg>,
]
`;
