// Jest Snapshot v1, https://goo.gl/fbAQLP

exports[`Component: ProductInfo should render correctly 1`] = `
<div
  className="product-container"
>
  <img
    alt="name"
    className="product-container__img"
    height="235"
    src="image"
    width="90"
  />
  <div
    className="product-container__info-wrapper"
  >
    <h2
      className="product-container__title title title--big title--uppercase"
    >
      name
    </h2>
    <div
      aria-hidden="true"
      className="rate product-container__rating"
    >
      <svg
        aria-hidden="true"
        height="11"
        width="12"
      >
        <use
          xlinkHref="#icon-full-star"
        />
      </svg>
      <svg
        aria-hidden="true"
        height="11"
        width="12"
      >
        <use
          xlinkHref="#icon-full-star"
        />
      </svg>
      <svg
        aria-hidden="true"
        height="11"
        width="12"
      >
        <use
          xlinkHref="#icon-full-star"
        />
      </svg>
      <svg
        aria-hidden="true"
        height="11"
        width="12"
      >
        <use
          xlinkHref="#icon-star"
        />
      </svg>
      <svg
        aria-hidden="true"
        height="11"
        width="12"
      >
        <use
          xlinkHref="#icon-star"
        />
      </svg>
      <span
        className="rate__count"
      />
      <span
        className="rate__message"
      />
    </div>
    <div
      className="tabs"
    >
      <a
        className="button  button--medium tabs__button"
        href="#characteristics"
        onClick={[Function]}
      >
        Характеристики
      </a>
      <a
        className="button button--black-border button--medium tabs__button"
        href="#description"
        onClick={[Function]}
      >
        Описание
      </a>
      <div
        className="tabs__content"
        id="characteristics"
      >
        <table
          className="tabs__table "
        >
          <tbody>
            <tr
              className="tabs__table-row"
            >
              <td
                className="tabs__title"
              >
                Артикул:
              </td>
              <td
                className="tabs__value"
              >
                code
              </td>
            </tr>
            <tr
              className="tabs__table-row"
            >
              <td
                className="tabs__title"
              >
                Тип:
              </td>
              <td
                className="tabs__value"
              />
            </tr>
            <tr
              className="tabs__table-row"
            >
              <td
                className="tabs__title"
              >
                Количество струн:
              </td>
              <td
                className="tabs__value"
              >
                2
                 струнная
              </td>
            </tr>
          </tbody>
        </table>
        <p
          className="tabs__product-description visually-hidden"
        >
          description
        </p>
      </div>
    </div>
  </div>
  <div
    className="product-container__price-wrapper"
  >
    <p
      className="product-container__price-info product-container__price-info--title"
    >
      Цена:
    </p>
    <p
      className="product-container__price-info product-container__price-info--value"
    >
      4
       ₽
    </p>
    <a
      className="button button--red button--big product-container__button"
      href="/#"
      onClick={[Function]}
    >
      Добавить в корзину
    </a>
  </div>
</div>
`;
