// Jest Snapshot v1, https://goo.gl/fbAQLP

exports[`Component: App should render correctly 1`] = `
ReactShallowRenderer {
  "_context": Object {},
  "_didScheduleRenderPhaseUpdate": false,
  "_dispatcher": Object {
    "readContext": [Function],
    "useCallback": [Function],
    "useContext": [Function],
    "useDebugValue": [Function],
    "useDeferredValue": [Function],
    "useEffect": [Function],
    "useImperativeHandle": [Function],
    "useLayoutEffect": [Function],
    "useMemo": [Function],
    "useReducer": [Function],
    "useRef": [Function],
    "useResponder": [Function],
    "useState": [Function],
    "useTransition": [Function],
  },
  "_element": <App />,
  "_firstWorkInProgressHook": null,
  "_forcedUpdate": false,
  "_instance": null,
  "_isReRender": false,
  "_newState": null,
  "_numberOfReRenders": 0,
  "_renderPhaseUpdates": null,
  "_rendered": <Switch>
    <Route
      exact={true}
      path="/"
    >
      <MainScreen />
    </Route>
    <Route
      exact={true}
      path="/guitars"
    >
      <MainScreen />
    </Route>
    <Route
      exact={true}
      path="/guitars/:id"
    >
      <GuitarProductScreen />
    </Route>
    <Route
      exact={true}
      path="/cart"
    >
      <CartScreen />
    </Route>
    <Route>
      <NotFoundPage />
    </Route>
  </Switch>,
  "_rendering": false,
  "_updater": Updater {
    "_callbacks": Array [],
    "_renderer": [Circular],
  },
  "_workInProgressHook": null,
}
`;
